12:38:16 **** Incremental Build of configuration Debug for project Lecture 5 ****
make -j4 all 
arm-none-eabi-gcc "../Core/Src/main.c" -mcpu=cortex-m0 -std=gnu11 -g3 -DDEBUG -DUSE_HAL_DRIVER -DSTM32F030x8 -c -I../Core/Inc -I../Drivers/STM32F0xx_HAL_Driver/Inc -I../Drivers/STM32F0xx_HAL_Driver/Inc/Legacy -I../Drivers/CMSIS/Device/ST/STM32F0xx/Include -I../Drivers/CMSIS/Include -O0 -ffunction-sections -fdata-sections -Wall -fstack-usage -fcyclomatic-complexity -MMD -MP -MF"Core/Src/main.d" -MT"Core/Src/main.o" --specs=nano.specs -mfloat-abi=soft -mthumb -o "Core/Src/main.o"
../Core/Src/main.c: In function 'uart_process_command':
../Core/Src/main.c:81:24: warning: passing argument 1 of 'strtok' discards 'const' qualifier from pointer target type [-Wdiscarded-qualifiers]
   81 |         token = strtok(data, " ");
      |                        ^~~~
In file included from ../Core/Src/main.c:25:
C:\appz\ST\STM32CubeIDE_1.10.1\STM32CubeIDE\plugins\com.st.stm32cube.ide.mcu.externaltools.gnu-tools-for-stm32.12.3.rel1.win32_1.0.200.202406191623\tools\bin/../lib/gcc/arm-none-eabi/12.3.1/../../../../arm-none-eabi/include/string.h:50:18: note: expected 'char * restrict' but argument is of type 'const char *'
   50 | char    *strtok (char *__restrict, const char *__restrict);
      |                  ^
../Core/Src/main.c:152:26: warning: unused variable 'addr' [-Wunused-variable]
  152 |                 uint16_t addr = atoi(token);
      |                          ^~~~
arm-none-eabi-gcc -o "Lecture 5.elf" @"objects.list"   -mcpu=cortex-m0 -T"C:\Temp\Fojtik\MKS\Lecture 5\STM32F030R8TX_FLASH.ld" --specs=nosys.specs -Wl,-Map="Lecture 5.map" -Wl,--gc-sections -static --specs=nano.specs -mfloat-abi=soft -mthumb -Wl,--start-group -lc -lm -Wl,--end-group
Finished building target: Lecture 5.elf
 
arm-none-eabi-size  Lecture\ 5.elf 
arm-none-eabi-objdump -h -S Lecture\ 5.elf  > "Lecture 5.list"
   text	   data	    bss	    dec	    hex	filename
  21364	    104	   2328	  23796	   5cf4	Lecture 5.elf
Finished building: default.size.stdout
 
Finished building: Lecture 5.list
 

12:38:18 Build Finished. 0 errors, 2 warnings. (took 1s.136ms)

